// Jest Snapshot v1, https://goo.gl/fbAQLP

exports[`<SurfaceView/> in ui/view should be consistent with previous snapshot 1`] = `
<div
  className="custom ui-view-SurfaceView frame"
/>
`;
